\set ECHO none
-- the regression tests round the values a bit so that rounding errors don't trigger failures
-- wrapper to handle rounding for double precision values
CREATE OR REPLACE FUNCTION round(p_val double precision, p_digits int) RETURNS double precision AS $$
    SELECT round($1 * pow(10,$2)) / pow(10,$2);
$$ LANGUAGE sql;
-- int
SELECT round(avg(x, 0.1, 0.1),3) FROM generate_series(1,1000) s(x);
 round 
-------
 500.5
(1 row)

SELECT round(var(x, 0.1, 0.1),3) FROM generate_series(1,1000) s(x);
  round   
----------
 53333.25
(1 row)

SELECT round(var_pop(x, 0.1, 0.1),3) FROM generate_series(1,1000) s(x);
  round   
----------
 53333.25
(1 row)

SELECT round(var_samp(x, 0.1, 0.1),3) FROM generate_series(1,1000) s(x);
 round 
-------
 53400
(1 row)

SELECT round(stddev(x, 0.1, 0.1),3) FROM generate_series(1,1000) s(x);
 round  
--------
 230.94
(1 row)

SELECT round(stddev_pop(x, 0.1, 0.1),3) FROM generate_series(1,1000) s(x);
 round  
--------
 230.94
(1 row)

SELECT round(stddev_samp(x, 0.1, 0.1),3) FROM generate_series(1,1000) s(x);
  round  
---------
 231.084
(1 row)

-- bigint
SELECT round(avg(x::bigint, 0.1, 0.1),3) FROM generate_series(1,1000) s(x);
 round 
-------
 500.5
(1 row)

SELECT round(var(x::bigint, 0.1, 0.1),3) FROM generate_series(1,1000) s(x);
  round   
----------
 53333.25
(1 row)

SELECT round(var_pop(x::bigint, 0.1, 0.1),3) FROM generate_series(1,1000) s(x);
  round   
----------
 53333.25
(1 row)

SELECT round(var_samp(x::bigint, 0.1, 0.1),3) FROM generate_series(1,1000) s(x);
 round 
-------
 53400
(1 row)

SELECT round(stddev(x::bigint, 0.1, 0.1),3) FROM generate_series(1,1000) s(x);
 round  
--------
 230.94
(1 row)

SELECT round(stddev_pop(x::bigint, 0.1, 0.1),3) FROM generate_series(1,1000) s(x);
 round  
--------
 230.94
(1 row)

SELECT round(stddev_samp(x::bigint, 0.1, 0.1),3) FROM generate_series(1,1000) s(x);
  round  
---------
 231.084
(1 row)

-- double precision
SELECT round(avg(x::double precision, 0.1, 0.1),3) FROM generate_series(1,1000) s(x);
 round 
-------
 500.5
(1 row)

SELECT round(var(x::double precision, 0.1, 0.1),3) FROM generate_series(1,1000) s(x);
  round   
----------
 53333.25
(1 row)

SELECT round(var_pop(x::double precision, 0.1, 0.1),3) FROM generate_series(1,1000) s(x);
  round   
----------
 53333.25
(1 row)

SELECT round(var_samp(x::double precision, 0.1, 0.1),3) FROM generate_series(1,1000) s(x);
 round 
-------
 53400
(1 row)

SELECT round(stddev(x::double precision, 0.1, 0.1),3) FROM generate_series(1,1000) s(x);
 round  
--------
 230.94
(1 row)

SELECT round(stddev_pop(x::double precision, 0.1, 0.1),3) FROM generate_series(1,1000) s(x);
 round  
--------
 230.94
(1 row)

SELECT round(stddev_samp(x::double precision, 0.1, 0.1),3) FROM generate_series(1,1000) s(x);
  round  
---------
 231.084
(1 row)

-- numeric
SELECT round(avg(x::numeric, 0.1, 0.1),3) FROM generate_series(1,1000) s(x);
  round  
---------
 500.500
(1 row)

SELECT round(var(x::numeric, 0.1, 0.1),3) FROM generate_series(1,1000) s(x);
   round   
-----------
 53333.250
(1 row)

SELECT round(var_pop(x::numeric, 0.1, 0.1),3) FROM generate_series(1,1000) s(x);
   round   
-----------
 53333.250
(1 row)

SELECT round(var_samp(x::numeric, 0.1, 0.1),3) FROM generate_series(1,1000) s(x);
   round   
-----------
 53400.000
(1 row)

SELECT round(stddev(x::numeric, 0.1, 0.1),3) FROM generate_series(1,1000) s(x);
  round  
---------
 230.940
(1 row)

SELECT round(stddev_pop(x::numeric, 0.1, 0.1),3) FROM generate_series(1,1000) s(x);
  round  
---------
 230.940
(1 row)

SELECT round(stddev_samp(x::numeric, 0.1, 0.1),3) FROM generate_series(1,1000) s(x);
  round  
---------
 231.084
(1 row)

ROLLBACK;
